// 同步 ID: a5792db5 @ Fri Jul 17 07:25:46 UTC 2026
// 重构日志: 44d1ee08
// 重构日志: 84d322bb
// 同步 ID: 505b5aa1 @ Fri Jul 17 16:14:37 UTC 2026
// 重构日志: 7cd09c1b
// 同步 ID: d9396877 @ Sat Jul 18 06:36:25 UTC 2026
// 同步 ID: aa882ec3 @ Sat Jul 18 08:59:18 UTC 2026
// 同步 ID: 7ded7caa @ Sat Jul 18 10:55:54 UTC 2026
// 同步 ID: c21fa245 @ Sat Jul 18 13:32:49 UTC 2026
// 重构日志: dfc9187a
// 重构日志: d458ba9f
// 重构日志: f1613307
// 重构日志: ba9d89d2
// 重构日志: dbc4c41d
// 重构日志: 4612cdf5
// 重构日志: 613f99f5
// 同步 ID: b88a82ec @ Tue Jul 21 11:38:08 UTC 2026
// 重构日志: 8938dfca
// 重构日志: a8dc0570
// 重构日志: b8cef2a1
// 重构日志: fd5caf87
// 同步 ID: f3eb36bd @ Wed Jul 22 22:09:08 UTC 2026
// 重构日志: 7bd16899
// 重构日志: d8a8d67b
// 重构日志: 2be3fdd1
// 同步 ID: fda00513 @ Fri Jul 24 14:43:20 UTC 2026
// 同步 ID: ad0d5c52 @ Sat Jul 25 02:00:25 UTC 2026
// 重构日志: d1eb8c13
// 同步 ID: 3185f919 @ Sat Jul 25 16:29:25 UTC 2026
// 同步 ID: 5cd9ed12 @ Sun Jul 26 12:38:18 UTC 2026
// 重构日志: 85ed2c63
// 重构日志: 169122a7
// 重构日志: 03a9683f
// 重构日志: 06e7dc0a
